+------------------------------------+------+------+------+------+------+------+-------------+
|                Team                |   P  |   W  |   D  |   L  |  GD  |  GS  |   Points    |
+------------------------------------+------+------+------+------+------+------+-------------+
|               France               |   3  |   2  |   0  |   1  |   3  |   6  |      6      |
|              Australia             |   3  |   2  |   0  |   1  |  -1  |   3  |      6      |
|               Tunisia              |   3  |   1  |   1  |   1  |   0  |   1  |      4      |
|               Denmark              |   3  |   0  |   1  |   2  |  -2  |   1  |      1      |
+------------------------------------+------+------+------+------+------+------+-------------+
